// Jest Snapshot v1, https://goo.gl/fbAQLP

exports[`<ImageSelector /> should match snapshot 1`] = `
<DocumentFragment>
  <section
    class="css-1w5jlbf"
    data-testid="ImageSelector-wrapper"
  >
    <input
      class="css-0"
      data-testid="file-input"
      type="file"
    />
  </section>
</DocumentFragment>
`;
