// Jest Snapshot v1, https://goo.gl/fbAQLP

exports[`<App /> should match snapshot 1`] = `
<DocumentFragment>
  <section
    class="css-14jqeis"
    data-testid="App-wrapper"
  >
    <div
      class="css-jf40hj"
    >
      <div>
        Header Component
      </div>
    </div>
    <div>
      App Component
    </div>
    <section
      class="css-17ztkzs"
      data-testid="ImagePreview-wrapper"
    >
      <div>
        ImagePreview Component
      </div>
    </section>
    <section
      class="css-1w5jlbf"
      data-testid="ImageSelector-wrapper"
    >
      <input
        accept=".png, .jpg, .jpeg"
        class="css-0"
        data-testid="file-input"
        type="file"
      />
    </section>
    <section
      class="css-119czso"
      data-testid="Thumbnails-wrapper"
    >
      <div>
        Thumbnails Component
      </div>
    </section>
  </section>
</DocumentFragment>
`;
